[code.jquery.com/ui/1.12.1/themes/base/jquery-ui.css]
[sismosentido.sgc.gov.co/js/_externos/jquery/jquery-1.10.2.js]
[sismosentido.sgc.gov.co/js/_externos/jquery/jquery-ui-1.10.2.js]
[sismosentido.sgc.gov.co/js/conexiones48d5.js]
[sismosentido.sgc.gov.co/js/formulario_nuevo_izq48d5.js]
[sismosentido.sgc.gov.co/js/validacion48d5.js]
[sismosentido.sgc.gov.co/js/general48d5.js]
[sismosentido.sgc.gov.co/js/selector_tabla48d5.js]
[sismosentido.sgc.gov.co/js/i18n_es48d5.js]
[sismosentido.sgc.gov.co/js/controles48d5.js]
[www.google.com/recaptcha/api.js]
[backblue.gif]
[fade.gif]
[index.html]
[cdn.appdynamics.com/adrum/adrum-4.5.12.2461.js]
[sismosentido.sgc.gov.co/img/pattern_peq_bn.png]
[sismosentido.sgc.gov.co/img/pattern_peq.png]
[sismosentido.sgc.gov.co/img/mundo.png]
[sismosentido.sgc.gov.co/img/logo_sgc_transparente_blanco.png]
[sismosentido.sgc.gov.co/img/gracias.png]
[sismosentido.sgc.gov.co/EvaluacionIntensidadesServlet2edb.html]
[code.jquery.com/ui/1.12.1/themes/base/images/ui-icons_444444_256x240.png]
[code.jquery.com/ui/1.12.1/themes/base/images/ui-icons_555555_256x240.png]
[code.jquery.com/ui/1.12.1/themes/base/images/ui-icons_ffffff_256x240.png]
[code.jquery.com/ui/1.12.1/themes/base/images/ui-icons_777620_256x240.png]
[code.jquery.com/ui/1.12.1/themes/base/images/ui-icons_cc0000_256x240.png]
[code.jquery.com/ui/1.12.1/themes/base/images/ui-icons_777777_256x240.png]
[code.jquery.com/ui/1.12.1/themes/base/jquery-ui.css]
[sismosentido.sgc.gov.co/css/formulario.css]
